Microchip MPLAB XC8 Compiler V2.36

Linker command line:

-W-3 --edf=C:\Program Files\Microchip\xc8\v2.36\pic\dat\en_msgs.txt -cn \
  -h+dist/default/production\test-adns-9800.X.production.sym \
  --cmf=dist/default/production\test-adns-9800.X.production.cmf -z \
  -Q18F47Q10 -oC:\Users\User\AppData\Local\Temp\xcAs854.4 \
  --defsym=__MPLAB_BUILD=1 \
  -Mdist/default/production/test-adns-9800.X.production.map \
  --md=C:\Users\User\AppData\Local\Temp\xcAs854.dat -E1 -ver=XC8 Compiler \
  --acfsm=1493 -ACODE=00h-01FFFFh -ACONST=00h-01FFFFh \
  -ASMALLCONST=0F00h-0FFFhx497 -AMEDIUMCONST=0F00h-0FFFFh,010F00h-01FFFFh \
  -ACOMRAM=01h-05Fh -AABS1=00h-0CFFh,0E00h-0E1Eh \
  -ABIGRAM=01h-0CFFh,0E00h-0E1Eh -ARAM=060h-0FFh,0100h-01FFhx12,0E00h-0E1Eh \
  -ABANK0=060h-0FFh -ABANK1=0100h-01FFh -ABANK2=0200h-02FFh \
  -ABANK3=0300h-03FFh -ABANK4=0400h-04FFh -ABANK5=0500h-05FFh \
  -ABANK6=0600h-06FFh -ABANK7=0700h-07FFh -ABANK8=0800h-08FFh \
  -ABANK9=0900h-09FFh -ABANK10=0A00h-0AFFh -ABANK11=0B00h-0BFFh \
  -ABANK12=0C00h-0CFFh -ABANK14=0E00h-0E1Eh \
  -ASFR=0D00h-0DFFh,0E1Fh-0EFFh,0F00h-0F5Fh,0F60h-0FFFh \
  -ABIGSFR=0D00h-0DFFh,0E1Fh-0FFFh -ACONFIG=0300000h-030000Bh \
  -AIDLOC=0200000h-02000FFh -AEEDATA=0310000h-03103FFh -peeprom_data=EEDATA \
  -preset_vec=00h,intcode=08h,intcodelo,powerup,init -pramtop=0F00h \
  -psmallconst=SMALLCONST -pmediumconst=MEDIUMCONST -pconst=CONST \
  -AFARRAM=00h-00h \
  -prdata=COMRAM,nvrram=COMRAM,nvbit=COMRAM,rbss=COMRAM,rbit=COMRAM \
  -pfarbss=FARRAM,fardata=FARRAM,nvFARRAM=FARRAM \
  -pintsave_regs=BIGRAM,bigbss=BIGRAM,bigdata=BIGRAM -pbss=RAM \
  -pidata=CODE,irdata=CODE,ibigdata=CODE,ifardata=CODE -prparam=COMRAM \
  C:\Users\User\AppData\Local\Temp\xcAs854.o \
  dist/default/production\test-adns-9800.X.production.o 

Object code version is 3.11

Machine type is 18F47Q10



                Name                               Link     Load   Length Selector   Space Scale
C:\Users\User\AppData\Local\Temp\xcAs854.o
                idloc                            200000   200000      100        0       5
                config                           300000   300000        C        0       4
                init                                 DA       DA        4        4       0
                reset_vec                             0        0        4        0       0
dist/default/production\test-adns-9800.X.production.o
                intcode                               8        8       D2        4       0
                idloc                            200000   200000      100        0       5
                config                           300000   300000        C        0       4
                temp                                 5B       5B        1        1       1
                mediumconst                        F2F2     F2F2      D0E     7979       0
                text55                            11956    11956       2C     8000       0
                text54                            11AEE    11AEE        6     8D77       0
                text53                            11B08    11B08        2     8D77       0
                text52                            11ADE    11ADE        8     8000       0
                text51                            11122    11122       C6     8000       0
                text50                            116FA    116FA       48     8000       0
                text49                            11AD6    11AD6        8     8000       0
                text48                            118F4    118F4       36     8000       0
                text47                            11A48    11A48       16     8000       0
                text45                            11B04    11B04        4     8D77       0
                text44                            11B00    11B00        4     8D77       0
                text43                            115E6    115E6       66     8000       0
                text42                            11AB2    11AB2        E     8000       0
                text41                            119AC    119AC       2A     8000       0
                text40                            10AC8    10AC8      188     8000       0
                text39                            10DC2    10DC2      164     8000       0
                text38                            117CA    117CA       40     8000       0
                text37                            1164C    1164C       5E     8000       0
                text36                            11ACC    11ACC        A     8000       0
                text35                            11342    11342       96     8000       0
                text34                            11786    11786       44     8000       0
                text33                            116AA    116AA       50     8000       0
                text32                            111E8    111E8       C2     8000       0
                text31                            103B0    103B0      2DE     8000       0
                text30                            1092E    1092E      19A     8000       0
                text29                            1102C    1102C       F6     8000       0
                text28                            11848    11848       3C     8000       0
                text27                            118BC    118BC       38     8000       0
                text26                            11884    11884       38     8000       0
                text25                            11742    11742       44     8000       0
                text24                            1068E    1068E      2A0     8000       0
                text23                            10000    10000      3B0     8000       0
                text22                            11580    11580       66     8000       0
                text21                            119D6    119D6       28     8000       0
                text20                            1192A    1192A       2C     8000       0
                text19                            1146A    1146A       92     8000       0
                text18                            11AFC    11AFC        4     8D77       0
                text17                            11AF8    11AF8        4     8D77       0
                text16                            11982    11982       2A     8000       0
                text15                            114FC    114FC       84     8000       0
                text14                            10C50    10C50      172     8000       0
                text13                            11AC0    11AC0        C     8000       0
                text12                            11AA4    11AA4        E     8000       0
                text11                            11A96    11A96        E     8000       0
                text10                            11A88    11A88        E     8000       0
                text9                             11A7A    11A7A        E     8000       0
                text8                             11A6C    11A6C        E     8000       0
                text7                             113D8    113D8       92     8000       0
                text6                             11AF4    11AF4        4     8D77       0
                text5                             11A1A    11A1A       18     8000       0
                text4                             11A5E    11A5E        E     8000       0
                text3                             112AA    112AA       98     8000       0
                text2                             119FE    119FE       1C     8000       0
                text1                             11A32    11A32       16     8000       0
                text0                             10F26    10F26      106     8000       0
                cstackCOMRAM                          1        1       56        1       1
                cstackBANK0                          A8       A8       28       60       1
                dataBANK0                            E3       E3        7       60       1
                bssBANK0                             60       60       48       60       1
                bssCOMRAM                            57       57        4        1       1
                cinit                             1180A    1180A       3E     8000       0
                nvBANK0                              D0       D0       13       60       1
                idataBANK0                        11AE6    11AE6        7     8000       0

TOTAL           Name                               Link     Load   Length     Space
        CLASS   CODE           
                intcode                               8        8       D2         0
                init                                 DA       DA        4         0
                reset_vec                             0        0        4         0
                text55                            11956    11956       2C         0
                text54                            11AEE    11AEE        6         0
                text53                            11B08    11B08        2         0
                text52                            11ADE    11ADE        8         0
                text51                            11122    11122       C6         0
                text50                            116FA    116FA       48         0
                text49                            11AD6    11AD6        8         0
                text48                            118F4    118F4       36         0
                text47                            11A48    11A48       16         0
                text45                            11B04    11B04        4         0
                text44                            11B00    11B00        4         0
                text43                            115E6    115E6       66         0
                text42                            11AB2    11AB2        E         0
                text41                            119AC    119AC       2A         0
                text40                            10AC8    10AC8      188         0
                text39                            10DC2    10DC2      164         0
                text38                            117CA    117CA       40         0
                text37                            1164C    1164C       5E         0
                text36                            11ACC    11ACC        A         0
                text35                            11342    11342       96         0
                text34                            11786    11786       44         0
                text33                            116AA    116AA       50         0
                text32                            111E8    111E8       C2         0
                text31                            103B0    103B0      2DE         0
                text30                            1092E    1092E      19A         0
                text29                            1102C    1102C       F6         0
                text28                            11848    11848       3C         0
                text27                            118BC    118BC       38         0
                text26                            11884    11884       38         0
                text25                            11742    11742       44         0
                text24                            1068E    1068E      2A0         0
                text23                            10000    10000      3B0         0
                text22                            11580    11580       66         0
                text21                            119D6    119D6       28         0
                text20                            1192A    1192A       2C         0
                text19                            1146A    1146A       92         0
                text18                            11AFC    11AFC        4         0
                text17                            11AF8    11AF8        4         0
                text16                            11982    11982       2A         0
                text15                            114FC    114FC       84         0
                text14                            10C50    10C50      172         0
                text13                            11AC0    11AC0        C         0
                text12                            11AA4    11AA4        E         0
                text11                            11A96    11A96        E         0
                text10                            11A88    11A88        E         0
                text9                             11A7A    11A7A        E         0
                text8                             11A6C    11A6C        E         0
                text7                             113D8    113D8       92         0
                text6                             11AF4    11AF4        4         0
                text5                             11A1A    11A1A       18         0
                text4                             11A5E    11A5E        E         0
                text3                             112AA    112AA       98         0
                text2                             119FE    119FE       1C         0
                text1                             11A32    11A32       16         0
                text0                             10F26    10F26      106         0
                cinit                             1180A    1180A       3E         0
                idataBANK0                        11AE6    11AE6        7         0

        CLASS   CONST          

        CLASS   SMALLCONST     

        CLASS   MEDIUMCONST    
                mediumconst                        F2F2     F2F2      D0E         0

        CLASS   COMRAM         
                temp                                 5B       5B        1         1
                cstackCOMRAM                          1        1       56         1
                bssCOMRAM                            57       57        4         1

        CLASS   ABS1           

        CLASS   BIGRAM         

        CLASS   RAM            

        CLASS   BANK0          
                cstackBANK0                          A8       A8       28         1
                dataBANK0                            E3       E3        7         1
                bssBANK0                             60       60       48         1
                nvBANK0                              D0       D0       13         1

        CLASS   BANK1          

        CLASS   BANK2          

        CLASS   BANK3          

        CLASS   BANK4          

        CLASS   BANK5          

        CLASS   BANK6          

        CLASS   BANK7          

        CLASS   BANK8          

        CLASS   BANK9          

        CLASS   BANK10         

        CLASS   BANK11         

        CLASS   BANK12         

        CLASS   BANK14         

        CLASS   SFR            

        CLASS   BIGSFR         

        CLASS   CONFIG         
                config                           300000   300000        C         4

        CLASS   IDLOC          
                idloc                            200000   200000      100         5

        CLASS   EEDATA         

        CLASS   FARRAM         

        CLASS   HEAP           

        CLASS   STACK          



SEGMENTS        Name                           Load    Length   Top    Selector   Space  Class

                reset_vec                      000000  000004  000004         0       0  CODE    
                cstackCOMRAM                   000001  00005B  00005C         1       1  COMRAM  
                intcode                        000008  0000D6  0000DE         4       0  CODE    
                bssBANK0                       000060  00008A  0000EA        60       1  BANK0   
                mediumconst                    00F2F2  000D0E  010000      7979       0  MEDIUMCO
                text23                         010000  001AED  011AED      8000       0  CODE    
                text54                         011AEE  00001C  011B0A      8D77       0  CODE    


UNUSED ADDRESS RANGES

        Name                Unused          Largest block    Delta
        BANK0            0000EA-0000FF               16
        BANK1            000100-0001FF              100
        BANK10           000A00-000AFF              100
        BANK11           000B00-000BFF              100
        BANK12           000C00-000CFF              100
        BANK14           000E00-000E1E               1F
        BANK2            000200-0002FF              100
        BANK3            000300-0003FF              100
        BANK4            000400-0004FF              100
        BANK5            000500-0005FF              100
        BANK6            000600-0006FF              100
        BANK7            000700-0007FF              100
        BANK8            000800-0008FF              100
        BANK9            000900-0009FF              100
        BIGRAM           00005C-00005F                4
                         0000EA-000CFF              C16
                         000E00-000E1E               1F
        BIGSFR           000D00-000DFF              100
                         000E1F-000FFF              1E1
        CODE             000004-000007                4
                         0000DE-00F2F1             F214
                         011AED-011AED                1
                         011B0A-01FFFF             E4F6
        COMRAM           00005C-00005F                4
        CONST            000004-000007                4
                         0000DE-00F2F1             F214
                         011AED-011AED                1
                         011B0A-01FFFF             E4F6
        EEDATA           310000-3103FF              400
        MEDIUMCONST      000F00-00F2F1             E3F2
                         011AED-011AED                1
                         011B0A-01FFFF             E4F6
        RAM              0000EA-000CFF              100
                         000E00-000E1E               1F
        SFR              000D00-000DFF              100
                         000E1F-000FFF               E1
        SMALLCONST       000F00-00F2F1              100
                         011AED-011AED                1
                         011B0A-01FFFF              100

                                  Symbol Table

?___aodiv                                       cstackCOMRAM 000005
?___aomod                                       cstackCOMRAM 000005
?_abs                                           cstackCOMRAM 000017
?_dtoa                                          cstackCOMRAM 000022
?_isalpha                                       cstackCOMRAM 000005
?_islower                                       cstackCOMRAM 000005
?_isupper                                       cstackCOMRAM 000005
?_pad                                           cstackCOMRAM 000017
?_printf                                        cstackBANK0  0000BF
?_stoa                                          cstackCOMRAM 000010
?_strlen                                        cstackCOMRAM 000005
?_strncmp                                       cstackCOMRAM 000005
?_toupper                                       cstackCOMRAM 00000B
?_vfpfcnvrt                                     cstackCOMRAM 000046
?_vfprintf                                      cstackCOMRAM 000050
?_xtoa                                          cstackCOMRAM 000022
ADNS_init@u8CrcHigh                             cstackBANK0  0000CB
ADNS_init@u8CrcLow                              cstackBANK0  0000CA
ADNS_init@u8LaserDriveMode                      cstackBANK0  0000C9
ADNS_init@u8ProductId                           cstackBANK0  0000CC
ADNS_read_reg@u8Data                            cstackCOMRAM 00000C
ADNS_read_reg@u8RegAddrP                        cstackCOMRAM 00000B
ADNS_uart_print_register@szRegNameP             cstackBANK0  0000C7
ADNS_uart_print_register@u8RegIdP               cstackBANK0  0000C9
ADNS_uart_print_register@u8RegValue             cstackBANK0  0000CA
ADNS_upload_firmware@u16Idx                     cstackCOMRAM 00000E
ADNS_write_reg@u8DataP                          cstackCOMRAM 00000B
ADNS_write_reg@u8RegAddrP                       cstackCOMRAM 00000C
EUSART2_SetErrorHandler@interruptHandler        cstackCOMRAM 000005
EUSART2_SetFramingErrorHandler@interruptHandler cstackCOMRAM 000005
EUSART2_SetOverrunErrorHandler@interruptHandler cstackCOMRAM 000005
EUSART2_SetRxInterruptHandler@interruptHandler  cstackCOMRAM 000005
EUSART2_SetTxInterruptHandler@interruptHandler  cstackCOMRAM 000005
EUSART2_Write@txData                            cstackCOMRAM 000005
IOCAF0_SetInterruptHandler@InterruptHandler     cstackCOMRAM 000005
SPI_bitBangData@u8BitNum                        cstackCOMRAM 000008
SPI_bitBangData@u8DataToSendP                   cstackCOMRAM 000006
SPI_bitBangData@u8ReceivedData                  cstackCOMRAM 000007
SPI_transfer@u8DataP                            cstackCOMRAM 000009
SPI_transfer@u8ReceivedData                     cstackCOMRAM 00000A
_ADNS_com_begin                                 text45       011B04
_ADNS_com_begin@adns9800$F890                   text18       011AFC
_ADNS_com_end                                   text44       011B00
_ADNS_com_end@adns9800$F892                     text17       011AF8
_ADNS_dispRegisters                             text19       01146A
_ADNS_firmware_data                             mediumconst  00F2F3
_ADNS_init                                      text14       010C50
_ADNS_read_reg                                  text41       0119AC
_ADNS_uart_print_register                       text20       01192A
_ADNS_upload_firmware                           text15       0114FC
_ADNS_write_reg                                 text16       011982
_ANSELA                                         (abs)        000F0C
_ANSELB                                         (abs)        000F14
_ANSELC                                         (abs)        000F1C
_ANSELD                                         (abs)        000F21
_ANSELE                                         (abs)        000F29
_BAUD2CON                                       (abs)        000E9A
_EUSART2_DefaultErrorHandler                    text54       011AEE
_EUSART2_DefaultFramingErrorHandler             text53       011B08
_EUSART2_DefaultOverrunErrorHandler             text52       011ADE
_EUSART2_ErrorHandler                           nvBANK0      0000D0
_EUSART2_FramingErrorHandler                    nvBANK0      0000D6
_EUSART2_Initialize                             text7        0113D8
_EUSART2_OverrunErrorHandler                    nvBANK0      0000D3
_EUSART2_Receive_ISR                            text51       011122
_EUSART2_RxDataHandler                          text55       011956
_EUSART2_RxDefaultInterruptHandler              nvBANK0      0000D9
_EUSART2_SetErrorHandler                        text12       011AA4
_EUSART2_SetFramingErrorHandler                 text11       011A96
_EUSART2_SetOverrunErrorHandler                 text10       011A88
_EUSART2_SetRxInterruptHandler                  text9        011A7A
_EUSART2_SetTxInterruptHandler                  text8        011A6C
_EUSART2_Transmit_ISR                           text50       0116FA
_EUSART2_TxDefaultInterruptHandler              nvBANK0      0000DC
_EUSART2_Write                                  text37       01164C
_INLVLA                                         (abs)        000F08
_INLVLB                                         (abs)        000F10
_INLVLC                                         (abs)        000F18
_INLVLD                                         (abs)        000F1D
_INLVLE                                         (abs)        000F25
_INTCONbits                                     (abs)        000FF2
_INTERRUPT_Initialize                           text6        011AF4
_INTERRUPT_InterruptManager                     intcode      000008
_IOCAF0_DefaultInterruptHandler                 text49       011AD6
_IOCAF0_ISR                                     text48       0118F4
_IOCAF0_InterruptHandler                        nvBANK0      0000DF
_IOCAF0_SetInterruptHandler                     text4        011A5E
_IOCAFbits                                      (abs)        000F05
_IOCANbits                                      (abs)        000F06
_IOCAPbits                                      (abs)        000F07
_LATA                                           (abs)        000F82
_LATB                                           (abs)        000F83
_LATBbits                                       (abs)        000F83
_LATC                                           (abs)        000F84
_LATD                                           (abs)        000F85
_LATDbits                                       (abs)        000F85
_LATE                                           (abs)        000F86
_ODCONA                                         (abs)        000F0A
_ODCONB                                         (abs)        000F12
_ODCONC                                         (abs)        000F1A
_ODCOND                                         (abs)        000F1F
_ODCONE                                         (abs)        000F27
_OSCCON1                                        (abs)        000ED3
_OSCCON3                                        (abs)        000ED5
_OSCEN                                          (abs)        000ED7
_OSCFRQ                                         (abs)        000ED9
_OSCILLATOR_Initialize                          text5        011A1A
_OSCTUNE                                        (abs)        000ED8
_PIE0bits                                       (abs)        000EBD
_PIE3bits                                       (abs)        000EC0
_PIN_MANAGER_IOC                                text47       011A48
_PIN_MANAGER_Initialize                         text3        0112AA
_PIR0bits                                       (abs)        000EC5
_PIR3bits                                       (abs)        000EC8
_PMD0                                           (abs)        000EDC
_PMD1                                           (abs)        000EDD
_PMD2                                           (abs)        000EDE
_PMD3                                           (abs)        000EDF
_PMD4                                           (abs)        000EE0
_PMD5                                           (abs)        000EE1
_PMD_Initialize                                 text2        0119FE
_PORTDbits                                      (abs)        000F8F
_RC2REG                                         (abs)        000E94
_RC2STA                                         (abs)        000E98
_RC2STAbits                                     (abs)        000E98
_RD0PPS                                         (abs)        000EFA
_RX2PPS                                         (abs)        000E88
_SLRCONA                                        (abs)        000F09
_SLRCONB                                        (abs)        000F11
_SLRCONC                                        (abs)        000F19
_SLRCOND                                        (abs)        000F1E
_SLRCONE                                        (abs)        000F26
_SP2BRGH                                        (abs)        000E97
_SP2BRGL                                        (abs)        000E96
_SPI_bitBangData                                text43       0115E6
_SPI_init                                       text13       011AC0
_SPI_transfer                                   text42       011AB2
_SYSTEM_Initialize                              text1        011A32
_TRISA                                          (abs)        000F87
_TRISB                                          (abs)        000F88
_TRISBbits                                      (abs)        000F88
_TRISC                                          (abs)        000F89
_TRISD                                          (abs)        000F8A
_TRISDbits                                      (abs)        000F8A
_TRISE                                          (abs)        000F8B
_TX2REG                                         (abs)        000E95
_TX2STA                                         (abs)        000E99
_TX2STAbits                                     (abs)        000E99
_WPUA                                           (abs)        000F0B
_WPUB                                           (abs)        000F13
_WPUC                                           (abs)        000F1B
_WPUD                                           (abs)        000F20
_WPUE                                           (abs)        000F28
__HRAM                                          (abs)        000000
__Habs1                                         abs1         000000
__Hbank0                                        bank0        000000
__Hbank1                                        bank1        000000
__Hbank10                                       bank10       000000
__Hbank11                                       bank11       000000
__Hbank12                                       bank12       000000
__Hbank14                                       bank14       000000
__Hbank2                                        bank2        000000
__Hbank3                                        bank3        000000
__Hbank4                                        bank4        000000
__Hbank5                                        bank5        000000
__Hbank6                                        bank6        000000
__Hbank7                                        bank7        000000
__Hbank8                                        bank8        000000
__Hbank9                                        bank9        000000
__Hbigbss                                       bigbss       000000
__Hbigdata                                      bigdata      000000
__Hbigram                                       bigram       000000
__Hbigsfr                                       bigsfr       000000
__Hbss                                          bss          000000
__HbssBANK0                                     bssBANK0     000000
__HbssCOMRAM                                    bssCOMRAM    000000
__Hcinit                                        cinit        000000
__Hclrtext                                      clrtext      000000
__Hcomram                                       comram       000000
__Hconfig                                       config       30000C
__Hconst                                        const        000000
__HcstackBANK0                                  cstackBANK0  000000
__HcstackCOMRAM                                 cstackCOMRAM 000000
__Hdata                                         data         000000
__HdataBANK0                                    dataBANK0    000000
__Heeprom_data                                  eeprom_data  000000
__Hfarbss                                       farbss       000000
__Hfardata                                      fardata      000000
__Hheap                                         heap         000000
__Hibigdata                                     ibigdata     000000
__Hidata                                        idata        000000
__HidataBANK0                                   idataBANK0   000000
__Hidloc                                        idloc        200100
__Hifardata                                     ifardata     000000
__Hinit                                         init         0000DE
__Hintcode                                      intcode      0000DA
__Hintcode_body                                 intcode_body 000000
__Hintcodelo                                    intcodelo    0000DA
__Hintentry                                     intentry     000000
__Hintret                                       intret       000000
__Hintsave_regs                                 intsave_regs 000000
__Hirdata                                       irdata       000000
__Hmediumconst                                  mediumconst  010000
__HnvBANK0                                      nvBANK0      000000
__HnvFARRAM                                     nvFARRAM     000000
__Hnvbit                                        nvbit        000000
__Hnvrram                                       nvrram       000000
__Hparam                                        rparam       000000
__Hpowerup                                      powerup      0000DA
__Hram                                          ram          000000
__Hramtop                                       ramtop       000F00
__Hrbit                                         rbit         000000
__Hrbss                                         rbss         000000
__Hrdata                                        rdata        000000
__Hreset_vec                                    reset_vec    000004
__Hrparam                                       rparam       000000
__Hsfr                                          sfr          000000
__Hsmallconst                                   smallconst   000000
__Hspace_0                                      (abs)        011B0A
__Hspace_1                                      (abs)        0000EA
__Hspace_2                                      (abs)        000000
__Hspace_4                                      (abs)        60000C
__Hstack                                        stack        000000
__Hstruct                                       struct       000000
__Htemp                                         temp         00005C
__Htext                                         text         000000
__Htext0                                        text0        000000
__Htext1                                        text1        000000
__Htext10                                       text10       000000
__Htext11                                       text11       000000
__Htext12                                       text12       000000
__Htext13                                       text13       000000
__Htext14                                       text14       000000
__Htext15                                       text15       000000
__Htext16                                       text16       000000
__Htext17                                       text17       000000
__Htext18                                       text18       000000
__Htext19                                       text19       000000
__Htext2                                        text2        000000
__Htext20                                       text20       000000
__Htext21                                       text21       000000
__Htext22                                       text22       000000
__Htext23                                       text23       000000
__Htext24                                       text24       000000
__Htext25                                       text25       000000
__Htext26                                       text26       000000
__Htext27                                       text27       000000
__Htext28                                       text28       000000
__Htext29                                       text29       000000
__Htext3                                        text3        000000
__Htext30                                       text30       000000
__Htext31                                       text31       000000
__Htext32                                       text32       000000
__Htext33                                       text33       000000
__Htext34                                       text34       000000
__Htext35                                       text35       000000
__Htext36                                       text36       000000
__Htext37                                       text37       000000
__Htext38                                       text38       000000
__Htext39                                       text39       000000
__Htext4                                        text4        000000
__Htext40                                       text40       000000
__Htext41                                       text41       000000
__Htext42                                       text42       000000
__Htext43                                       text43       000000
__Htext44                                       text44       000000
__Htext45                                       text45       000000
__Htext47                                       text47       000000
__Htext48                                       text48       000000
__Htext49                                       text49       000000
__Htext5                                        text5        000000
__Htext50                                       text50       000000
__Htext51                                       text51       000000
__Htext52                                       text52       000000
__Htext53                                       text53       000000
__Htext54                                       text54       000000
__Htext55                                       text55       000000
__Htext56                                       text56       000000
__Htext6                                        text6        000000
__Htext7                                        text7        000000
__Htext8                                        text8        000000
__Htext9                                        text9        000000
__LRAM                                          (abs)        000001
__Labs1                                         abs1         000000
__Lbank0                                        bank0        000000
__Lbank1                                        bank1        000000
__Lbank10                                       bank10       000000
__Lbank11                                       bank11       000000
__Lbank12                                       bank12       000000
__Lbank14                                       bank14       000000
__Lbank2                                        bank2        000000
__Lbank3                                        bank3        000000
__Lbank4                                        bank4        000000
__Lbank5                                        bank5        000000
__Lbank6                                        bank6        000000
__Lbank7                                        bank7        000000
__Lbank8                                        bank8        000000
__Lbank9                                        bank9        000000
__Lbigbss                                       bigbss       000000
__Lbigdata                                      bigdata      000000
__Lbigram                                       bigram       000000
__Lbigsfr                                       bigsfr       000000
__Lbss                                          bss          000000
__LbssBANK0                                     bssBANK0     000000
__LbssCOMRAM                                    bssCOMRAM    000000
__Lcinit                                        cinit        000000
__Lclrtext                                      clrtext      000000
__Lcomram                                       comram       000000
__Lconfig                                       config       000000
__Lconst                                        const        000000
__LcstackBANK0                                  cstackBANK0  000000
__LcstackCOMRAM                                 cstackCOMRAM 000000
__Ldata                                         data         000000
__LdataBANK0                                    dataBANK0    000000
__Leeprom_data                                  eeprom_data  000000
__Lfarbss                                       farbss       000000
__Lfardata                                      fardata      000000
__Lheap                                         heap         000000
__Libigdata                                     ibigdata     000000
__Lidata                                        idata        000000
__LidataBANK0                                   idataBANK0   000000
__Lidloc                                        idloc        000000
__Lifardata                                     ifardata     000000
__Linit                                         init         0000DA
__Lintcode                                      intcode      000008
__Lintcode_body                                 intcode_body 000000
__Lintcodelo                                    intcodelo    0000DA
__Lintentry                                     intentry     000000
__Lintret                                       intret       000000
__Lintsave_regs                                 intsave_regs 000000
__Lirdata                                       irdata       000000
__Lmediumconst                                  mediumconst  00F2F2
__LnvBANK0                                      nvBANK0      000000
__LnvFARRAM                                     nvFARRAM     000000
__Lnvbit                                        nvbit        000000
__Lnvrram                                       nvrram       000000
__Lparam                                        rparam       000000
__Lpowerup                                      powerup      0000DA
__Lram                                          ram          000000
__Lramtop                                       ramtop       000F00
__Lrbit                                         rbit         000000
__Lrbss                                         rbss         000000
__Lrdata                                        rdata        000000
__Lreset_vec                                    reset_vec    000000
__Lrparam                                       rparam       000000
__Lsfr                                          sfr          000000
__Lsmallconst                                   smallconst   000000
__Lspace_0                                      (abs)        000000
__Lspace_1                                      (abs)        000000
__Lspace_2                                      (abs)        000000
__Lspace_4                                      (abs)        000000
__Lstack                                        stack        000000
__Lstruct                                       struct       000000
__Ltemp                                         temp         00005B
__Ltext                                         text         000000
__Ltext0                                        text0        000000
__Ltext1                                        text1        000000
__Ltext10                                       text10       000000
__Ltext11                                       text11       000000
__Ltext12                                       text12       000000
__Ltext13                                       text13       000000
__Ltext14                                       text14       000000
__Ltext15                                       text15       000000
__Ltext16                                       text16       000000
__Ltext17                                       text17       000000
__Ltext18                                       text18       000000
__Ltext19                                       text19       000000
__Ltext2                                        text2        000000
__Ltext20                                       text20       000000
__Ltext21                                       text21       000000
__Ltext22                                       text22       000000
__Ltext23                                       text23       000000
__Ltext24                                       text24       000000
__Ltext25                                       text25       000000
__Ltext26                                       text26       000000
__Ltext27                                       text27       000000
__Ltext28                                       text28       000000
__Ltext29                                       text29       000000
__Ltext3                                        text3        000000
__Ltext30                                       text30       000000
__Ltext31                                       text31       000000
__Ltext32                                       text32       000000
__Ltext33                                       text33       000000
__Ltext34                                       text34       000000
__Ltext35                                       text35       000000
__Ltext36                                       text36       000000
__Ltext37                                       text37       000000
__Ltext38                                       text38       000000
__Ltext39                                       text39       000000
__Ltext4                                        text4        000000
__Ltext40                                       text40       000000
__Ltext41                                       text41       000000
__Ltext42                                       text42       000000
__Ltext43                                       text43       000000
__Ltext44                                       text44       000000
__Ltext45                                       text45       000000
__Ltext47                                       text47       000000
__Ltext48                                       text48       000000
__Ltext49                                       text49       000000
__Ltext5                                        text5        000000
__Ltext50                                       text50       000000
__Ltext51                                       text51       000000
__Ltext52                                       text52       000000
__Ltext53                                       text53       000000
__Ltext54                                       text54       000000
__Ltext55                                       text55       000000
__Ltext56                                       text56       000000
__Ltext6                                        text6        000000
__Ltext7                                        text7        000000
__Ltext8                                        text8        000000
__Ltext9                                        text9        000000
__S0                                            (abs)        011B0A
__S1                                            (abs)        0000EA
__S4                                            (abs)        000000
__S5                                            (abs)        000000
___aodiv                                        text40       010AC8
___aodiv@counter                                cstackCOMRAM 000015
___aodiv@dividend                               cstackCOMRAM 000005
___aodiv@divisor                                cstackCOMRAM 00000D
___aodiv@quotient                               cstackCOMRAM 000017
___aodiv@sign                                   cstackCOMRAM 000016
___aomod                                        text39       010DC2
___aomod@counter                                cstackCOMRAM 000015
___aomod@dividend                               cstackCOMRAM 000005
___aomod@divisor                                cstackCOMRAM 00000D
___aomod@sign                                   cstackCOMRAM 000016
___heap_hi                                      (abs)        000000
___heap_lo                                      (abs)        000000
___inthi_sp                                     stack        000000
___intlo_sp                                     stack        000000
___param_bank                                   (abs)        000000
___rparam_used                                  (abs)        000001
___sp                                           stack        000000
__accesstop                                     (abs)        000060
__activetblptr                                  (abs)        000003
__end_of_ADNS_com_begin                         text45       011B08
__end_of_ADNS_com_begin@adns9800$F890           text18       011B00
__end_of_ADNS_com_end                           text44       011B04
__end_of_ADNS_com_end@adns9800$F892             text17       011AFC
__end_of_ADNS_dispRegisters                     text19       0114FC
__end_of_ADNS_firmware_data                     mediumconst  00FEF1
__end_of_ADNS_init                              text14       010DC2
__end_of_ADNS_read_reg                          text41       0119D6
__end_of_ADNS_uart_print_register               text20       011956
__end_of_ADNS_upload_firmware                   text15       011580
__end_of_ADNS_write_reg                         text16       0119AC
__end_of_EUSART2_DefaultErrorHandler            text54       011AF4
__end_of_EUSART2_DefaultFramingErrorHandler     text53       011B0A
__end_of_EUSART2_DefaultOverrunErrorHandler     text52       011AE6
__end_of_EUSART2_Initialize                     text7        01146A
__end_of_EUSART2_Receive_ISR                    text51       0111E8
__end_of_EUSART2_RxDataHandler                  text55       011982
__end_of_EUSART2_SetErrorHandler                text12       011AB2
__end_of_EUSART2_SetFramingErrorHandler         text11       011AA4
__end_of_EUSART2_SetOverrunErrorHandler         text10       011A96
__end_of_EUSART2_SetRxInterruptHandler          text9        011A88
__end_of_EUSART2_SetTxInterruptHandler          text8        011A7A
__end_of_EUSART2_Transmit_ISR                   text50       011742
__end_of_EUSART2_Write                          text37       0116AA
__end_of_INTERRUPT_Initialize                   text6        011AF8
__end_of_INTERRUPT_InterruptManager             intcode      0000DA
__end_of_IOCAF0_DefaultInterruptHandler         text49       011ADE
__end_of_IOCAF0_ISR                             text48       01192A
__end_of_IOCAF0_SetInterruptHandler             text4        011A6C
__end_of_OSCILLATOR_Initialize                  text5        011A32
__end_of_PIN_MANAGER_IOC                        text47       011A5E
__end_of_PIN_MANAGER_Initialize                 text3        011342
__end_of_PMD_Initialize                         text2        011A1A
__end_of_SPI_bitBangData                        text43       01164C
__end_of_SPI_init                               text13       011ACC
__end_of_SPI_transfer                           text42       011AC0
__end_of_SYSTEM_Initialize                      text1        011A48
__end_of___aodiv                                text40       010C50
__end_of___aomod                                text39       010F26
__end_of__initialization                        cinit        01183E
__end_of_abs                                    text38       01180A
__end_of_dtoa                                   text31       01068E
__end_of_fputc                                  text35       0113D8
__end_of_fputs                                  text34       0117CA
__end_of_isalpha                                text28       011884
__end_of_islower                                text26       0118BC
__end_of_isupper                                text27       0118F4
__end_of_main                                   text0        01102C
__end_of_pad                                    text32       0112AA
__end_of_printf                                 text21       0119FE
__end_of_putch                                  text36       011AD6
__end_of_stoa                                   text30       010AC8
__end_of_strlen                                 text33       0116FA
__end_of_strncmp                                text29       011122
__end_of_toupper                                text25       011786
__end_of_vfpfcnvrt                              text23       0103B0
__end_of_vfprintf                               text22       0115E6
__end_of_xtoa                                   text24       01092E
__initialization                                cinit        01180A
__mediumconst                                   mediumconst  00F2F2
__pbssBANK0                                     bssBANK0     000060
__pbssCOMRAM                                    bssCOMRAM    000057
__pcinit                                        cinit        01180A
__pcstackBANK0                                  cstackBANK0  0000A8
__pcstackCOMRAM                                 cstackCOMRAM 000001
__pdataBANK0                                    dataBANK0    0000E3
__pidataBANK0                                   idataBANK0   011AE6
__pintcode                                      intcode      000008
__pmediumconst                                  mediumconst  00F2F2
__pnvBANK0                                      nvBANK0      0000D0
__ptext0                                        text0        010F26
__ptext1                                        text1        011A32
__ptext10                                       text10       011A88
__ptext11                                       text11       011A96
__ptext12                                       text12       011AA4
__ptext13                                       text13       011AC0
__ptext14                                       text14       010C50
__ptext15                                       text15       0114FC
__ptext16                                       text16       011982
__ptext17                                       text17       011AF8
__ptext18                                       text18       011AFC
__ptext19                                       text19       01146A
__ptext2                                        text2        0119FE
__ptext20                                       text20       01192A
__ptext21                                       text21       0119D6
__ptext22                                       text22       011580
__ptext23                                       text23       010000
__ptext24                                       text24       01068E
__ptext25                                       text25       011742
__ptext26                                       text26       011884
__ptext27                                       text27       0118BC
__ptext28                                       text28       011848
__ptext29                                       text29       01102C
__ptext3                                        text3        0112AA
__ptext30                                       text30       01092E
__ptext31                                       text31       0103B0
__ptext32                                       text32       0111E8
__ptext33                                       text33       0116AA
__ptext34                                       text34       011786
__ptext35                                       text35       011342
__ptext36                                       text36       011ACC
__ptext37                                       text37       01164C
__ptext38                                       text38       0117CA
__ptext39                                       text39       010DC2
__ptext4                                        text4        011A5E
__ptext40                                       text40       010AC8
__ptext41                                       text41       0119AC
__ptext42                                       text42       011AB2
__ptext43                                       text43       0115E6
__ptext44                                       text44       011B00
__ptext45                                       text45       011B04
__ptext47                                       text47       011A48
__ptext48                                       text48       0118F4
__ptext49                                       text49       011AD6
__ptext5                                        text5        011A1A
__ptext50                                       text50       0116FA
__ptext51                                       text51       011122
__ptext52                                       text52       011ADE
__ptext53                                       text53       011B08
__ptext54                                       text54       011AEE
__ptext55                                       text55       011956
__ptext56                                       text56       000000
__ptext6                                        text6        011AF4
__ptext7                                        text7        0113D8
__ptext8                                        text8        011A6C
__ptext9                                        text9        011A7A
__ramtop                                        ramtop       000F00
__smallconst                                    smallconst   000000
_abs                                            text38       0117CA
_dbuf                                           bssBANK0     000088
_dtoa                                           text31       0103B0
_dtoa$1478                                      cstackCOMRAM 000034
_eusart2RxBuffer                                bssBANK0     000068
_eusart2RxCount                                 bssBANK0     000084
_eusart2RxHead                                  bssCOMRAM    00005A
_eusart2RxLastError                             bssBANK0     000083
_eusart2RxStatusBuffer                          bssBANK0     000060
_eusart2RxTail                                  bssCOMRAM    000059
_eusart2TxBuffer                                bssBANK0     000070
_eusart2TxBufferRemaining                       nvBANK0      0000E2
_eusart2TxHead                                  bssBANK0     000086
_eusart2TxTail                                  bssBANK0     000085
_flags                                          bssCOMRAM    000057
_fputc                                          text35       011342
_fputs                                          text34       011786
_g_AdnsMotion                                   bssBANK0     000087
_g_bAdnsEnabled                                 bssBANK0     000082
_isalpha                                        text28       011848
_islower                                        text26       011884
_isupper                                        text27       0118BC
_main                                           text0        010F26
_nout                                           bssBANK0     000078
_pad                                            text32       0111E8
_prec                                           bssBANK0     00007C
_printf                                         text21       0119D6
_putch                                          text36       011ACC
_stoa                                           text30       01092E
_strlen                                         text33       0116AA
_strncmp                                        text29       01102C
_toupper                                        text25       011742
_vfpfcnvrt                                      text23       010000
_vfpfcnvrt$1516                                 cstackBANK0  0000BB
_vfprintf                                       text22       011580
_width                                          bssBANK0     00007A
_xtoa                                           text24       01068E
abs@a                                           cstackCOMRAM 000017
btemp                                           temp         00005B
dtoa@d                                          cstackCOMRAM 000024
dtoa@fp                                         cstackCOMRAM 000022
dtoa@i                                          cstackCOMRAM 000044
dtoa@n                                          cstackCOMRAM 00003C
dtoa@p                                          cstackCOMRAM 000036
dtoa@s                                          cstackCOMRAM 00003A
dtoa@w                                          cstackCOMRAM 000038
end_of_initialization                           cinit        01183E
fputc@c                                         cstackCOMRAM 000007
fputc@fp                                        cstackCOMRAM 000009
fputs@c                                         cstackCOMRAM 000014
fputs@fp                                        cstackCOMRAM 000012
fputs@i                                         cstackCOMRAM 000015
fputs@s                                         cstackCOMRAM 000010
int$flags                                       temp         00005B
intlevel0                                       text         000000
intlevel1                                       text         000000
intlevel2                                       text         000000
intlevel3                                       text         000000
isa$std                                         (abs)        000001
isa$xinst                                       (abs)        000000
isalpha@c                                       cstackCOMRAM 000005
islower@c                                       cstackCOMRAM 000005
isupper@c                                       cstackCOMRAM 000005
main@i16DeltaX                                  bssBANK0     000080
main@i16DeltaY                                  bssBANK0     00007E
main@motion                                     cstackCOMRAM 000056
pad@buf                                         cstackCOMRAM 000019
pad@fp                                          cstackCOMRAM 000017
pad@i                                           cstackCOMRAM 00001E
pad@p                                           cstackCOMRAM 00001B
pad@w                                           cstackCOMRAM 000020
printf@ap                                       cstackBANK0  0000C5
printf@fmt                                      cstackBANK0  0000BF
putch@txData                                    cstackCOMRAM 000006
stackhi                                         (abs)        000000
stacklo                                         (abs)        000000
start                                           init         0000DA
start_initialization                            cinit        01180A
stoa@F1150                                      dataBANK0    0000E3
stoa@cp                                         cstackCOMRAM 000020
stoa@fp                                         cstackCOMRAM 000010
stoa@i                                          cstackCOMRAM 00001C
stoa@l                                          cstackCOMRAM 000024
stoa@nuls                                       cstackCOMRAM 000015
stoa@p                                          cstackCOMRAM 000022
stoa@s                                          cstackCOMRAM 000012
stoa@w                                          cstackCOMRAM 00001E
strlen@a                                        cstackCOMRAM 000007
strlen@s                                        cstackCOMRAM 000005
strncmp@_l                                      cstackCOMRAM 000005
strncmp@_r                                      cstackCOMRAM 000007
strncmp@l                                       cstackCOMRAM 00000C
strncmp@n                                       cstackCOMRAM 000009
strncmp@r                                       cstackCOMRAM 00000E
toupper@c                                       cstackCOMRAM 00000B
ttemp5                                          temp         00005C
ttemp6                                          temp         00005F
ttemp7                                          temp         000063
vfpfcnvrt@ap                                    cstackCOMRAM 00004A
vfpfcnvrt@c                                     cstackBANK0  0000BA
vfpfcnvrt@cp                                    cstackBANK0  0000B8
vfpfcnvrt@fmt                                   cstackCOMRAM 000048
vfpfcnvrt@fp                                    cstackCOMRAM 000046
vfpfcnvrt@ll                                    cstackBANK0  0000A8
vfpfcnvrt@llu                                   cstackBANK0  0000B0
vfprintf@ap                                     cstackCOMRAM 000054
vfprintf@cfmt                                   cstackBANK0  0000BD
vfprintf@fmt                                    cstackCOMRAM 000052
vfprintf@fp                                     cstackCOMRAM 000050
wtemp8                                          temp         00005C
xtoa@c                                          cstackCOMRAM 000043
xtoa@d                                          cstackCOMRAM 000024
xtoa@fp                                         cstackCOMRAM 000022
xtoa@i                                          cstackCOMRAM 000041
xtoa@n                                          cstackCOMRAM 000039
xtoa@p                                          cstackCOMRAM 000035
xtoa@w                                          cstackCOMRAM 000037
xtoa@x                                          cstackCOMRAM 00002C


MODULE INFORMATION

Module		Function		Class		Link	Load	Size
C:\Program Files\Microchip\xc8\v2.36\pic\sources\c99\common\nf_fputs.c
		_fputs         		CODE           	11786	0000	68

C:\Program Files\Microchip\xc8\v2.36\pic\sources\c99\common\nf_fputs.c estimated size: 68

C:\Program Files\Microchip\xc8\v2.36\pic\sources\c99\common\printf.c
		_printf        		CODE           	119D6	0000	40

C:\Program Files\Microchip\xc8\v2.36\pic\sources\c99\common\printf.c estimated size: 40

C:\Program Files\Microchip\xc8\v2.36\pic\sources\c99\common\aomod.c
		___aomod       		CODE           	10DC2	0000	356

C:\Program Files\Microchip\xc8\v2.36\pic\sources\c99\common\aomod.c estimated size: 356

mcc_generated_files/eusart2.c
		_putch         		CODE           	11ACC	0000	10
		_EUSART2_SetOverrunErrorHandler		CODE           	11A88	0000	14
		_EUSART2_SetErrorHandler		CODE           	11AA4	0000	14
		_EUSART2_Write 		CODE           	1164C	0000	94
		_EUSART2_Receive_ISR		CODE           	11122	0000	198
		_EUSART2_RxDataHandler		CODE           	11956	0000	44
		_EUSART2_DefaultOverrunErrorHandler		CODE           	11ADE	0000	8
		_EUSART2_Transmit_ISR		CODE           	116FA	0000	72
		_EUSART2_DefaultFramingErrorHandler		CODE           	11B08	0000	2
		_EUSART2_SetRxInterruptHandler		CODE           	11A7A	0000	14
		_EUSART2_SetTxInterruptHandler		CODE           	11A6C	0000	14
		_EUSART2_Initialize		CODE           	113D8	0000	146
		_EUSART2_DefaultErrorHandler		CODE           	11AEE	0000	6
		_EUSART2_SetFramingErrorHandler		CODE           	11A96	0000	14

mcc_generated_files/eusart2.c estimated size: 650

C:\Program Files\Microchip\xc8\v2.36\pic\sources\c99\common\islower.c
		_islower       		CODE           	11884	0000	56

C:\Program Files\Microchip\xc8\v2.36\pic\sources\c99\common\islower.c estimated size: 56

C:\Program Files\Microchip\xc8\v2.36\pic\sources\c99\common\strncmp.c
		_strncmp       		CODE           	1102C	0000	246

C:\Program Files\Microchip\xc8\v2.36\pic\sources\c99\common\strncmp.c estimated size: 246

mcc_generated_files/interrupt_manager.c
		_INTERRUPT_Initialize		CODE           	11AF4	0000	4
		_INTERRUPT_InterruptManager		CODE           	0008	0000	210

mcc_generated_files/interrupt_manager.c estimated size: 214

C:\Program Files\Microchip\xc8\v2.36\pic\sources\c99\common\toupper.c
		_toupper       		CODE           	11742	0000	68

C:\Program Files\Microchip\xc8\v2.36\pic\sources\c99\common\toupper.c estimated size: 68

C:\Program Files\Microchip\xc8\v2.36\pic\sources\c99\common\isalpha.c
		_isalpha       		CODE           	11848	0000	60

C:\Program Files\Microchip\xc8\v2.36\pic\sources\c99\common\isalpha.c estimated size: 60

mcc_generated_files/pin_manager.c
		_PIN_MANAGER_Initialize		CODE           	112AA	0000	152
		_IOCAF0_SetInterruptHandler		CODE           	11A5E	0000	14
		_PIN_MANAGER_IOC		CODE           	11A48	0000	22
		_IOCAF0_DefaultInterruptHandler		CODE           	11AD6	0000	8
		_IOCAF0_ISR    		CODE           	118F4	0000	54

mcc_generated_files/pin_manager.c estimated size: 250

adns9800.c
		_ADNS_upload_firmware		CODE           	114FC	0000	132
		_ADNS_write_reg		CODE           	11982	0000	42
		_ADNS_read_reg 		CODE           	119AC	0000	42

adns9800.c estimated size: 216

C:\Program Files\Microchip\xc8\v2.36\pic\sources\c99\common\strlen.c
		_strlen        		CODE           	116AA	0000	80

C:\Program Files\Microchip\xc8\v2.36\pic\sources\c99\common\strlen.c estimated size: 80

C:\Program Files\Microchip\xc8\v2.36\pic\sources\c99\common\aodiv.c
		___aodiv       		CODE           	10AC8	0000	392

C:\Program Files\Microchip\xc8\v2.36\pic\sources\c99\common\aodiv.c estimated size: 392

C:\Program Files\Microchip\xc8\v2.36\pic\sources\c99\common\nf_fputc.c
		_fputc         		CODE           	11342	0000	150

C:\Program Files\Microchip\xc8\v2.36\pic\sources\c99\common\nf_fputc.c estimated size: 150

spi.c
		_SPI_init      		CODE           	11AC0	0000	12
		_SPI_bitBangData		CODE           	115E6	0000	102
		_SPI_transfer  		CODE           	11AB2	0000	14

spi.c estimated size: 128

C:\Program Files\Microchip\xc8\v2.36\pic\sources\c99\common\doprnt.c
		_vfpfcnvrt     		CODE           	10000	0000	944
		_pad           		CODE           	111E8	0000	194
		_dtoa          		CODE           	103B0	0000	734
		_vfprintf      		CODE           	11580	0000	102
		_stoa          		CODE           	1092E	0000	410
		_xtoa          		CODE           	1068E	0000	672

C:\Program Files\Microchip\xc8\v2.36\pic\sources\c99\common\doprnt.c estimated size: 3056

shared
		__initialization		CODE           	1180A	0000	52
		_ADNS_firmware_data		MEDIUMCONST    	F2F3	0000	3070

shared estimated size: 3122

mcc_generated_files/mcc.c
		_PMD_Initialize		CODE           	119FE	0000	28
		_OSCILLATOR_Initialize		CODE           	11A1A	0000	24
		_SYSTEM_Initialize		CODE           	11A32	0000	22

mcc_generated_files/mcc.c estimated size: 74

C:\Program Files\Microchip\xc8\v2.36\pic\sources\c99\common\abs.c
		_abs           		CODE           	117CA	0000	64

C:\Program Files\Microchip\xc8\v2.36\pic\sources\c99\common\abs.c estimated size: 64

./adns9800.h
		_ADNS_com_end@adns9800$F892		CODE           	11AF8	0000	4
		_ADNS_com_end  		CODE           	11B00	0000	4
		_ADNS_com_begin		CODE           	11B04	0000	4
		_ADNS_com_begin@adns9800$F890		CODE           	11AFC	0000	4

./adns9800.h estimated size: 16

main.c
		_ADNS_uart_print_register		CODE           	1192A	0000	44
		_main          		CODE           	10F26	0000	262
		_ADNS_dispRegisters		CODE           	1146A	0000	146
		_ADNS_init     		CODE           	10C50	0000	370

main.c estimated size: 822

C:\Program Files\Microchip\xc8\v2.36\pic\sources\c99\common\isupper.c
		_isupper       		CODE           	118BC	0000	56

C:\Program Files\Microchip\xc8\v2.36\pic\sources\c99\common\isupper.c estimated size: 56

